2026-03-27 11:21:42,155 INFO    MainThread:18620 [wandb_setup.py:_flush():79] Current SDK version is 0.18.7
2026-03-27 11:21:42,155 INFO    MainThread:18620 [wandb_setup.py:_flush():79] Configure stats pid to 18620
2026-03-27 11:21:42,155 INFO    MainThread:18620 [wandb_setup.py:_flush():79] Loading settings from C:\Users\lucas\.config\wandb\settings
2026-03-27 11:21:42,155 INFO    MainThread:18620 [wandb_setup.py:_flush():79] Loading settings from c:\Users\lucas\Documents\MSE\4_Semester\deep-learning-mpw\01_MPW-CNN\notebooks\wandb\settings
2026-03-27 11:21:42,156 INFO    MainThread:18620 [wandb_setup.py:_flush():79] Loading settings from environment variables: {}
2026-03-27 11:21:42,156 INFO    MainThread:18620 [wandb_setup.py:_flush():79] Applying setup settings: {'mode': 'online', '_disable_service': None}
2026-03-27 11:21:42,157 INFO    MainThread:18620 [wandb_setup.py:_flush():79] Inferring run settings from compute environment: {'program': '<python with no main file>'}
2026-03-27 11:21:42,157 INFO    MainThread:18620 [wandb_setup.py:_flush():79] Applying login settings: {}
2026-03-27 11:21:42,157 INFO    MainThread:18620 [wandb_init.py:_log_setup():533] Logging user logs to c:\Users\lucas\Documents\MSE\4_Semester\deep-learning-mpw\01_MPW-CNN\notebooks\wandb\run-20260327_112142-txu2wm25\logs\debug.log
2026-03-27 11:21:42,158 INFO    MainThread:18620 [wandb_init.py:_log_setup():534] Logging internal logs to c:\Users\lucas\Documents\MSE\4_Semester\deep-learning-mpw\01_MPW-CNN\notebooks\wandb\run-20260327_112142-txu2wm25\logs\debug-internal.log
2026-03-27 11:21:42,158 INFO    MainThread:18620 [wandb_init.py:_jupyter_setup():479] configuring jupyter hooks <wandb.sdk.wandb_init._WandbInit object at 0x000001EBE4994A90>
2026-03-27 11:21:42,158 INFO    MainThread:18620 [wandb_init.py:init():619] calling init triggers
2026-03-27 11:21:42,158 INFO    MainThread:18620 [wandb_init.py:init():626] wandb.init called with sweep_config: {}
config: {'epochs': 10, 'batch_size': 32, 'optimizer': 'SGD', 'loss': 'CrossEntropyLoss', 'device': 'cuda', 'model': 'simple_model'}
2026-03-27 11:21:42,158 INFO    MainThread:18620 [wandb_init.py:init():669] starting backend
2026-03-27 11:21:42,158 INFO    MainThread:18620 [wandb_init.py:init():673] sending inform_init request
2026-03-27 11:21:42,164 INFO    MainThread:18620 [backend.py:_multiprocessing_setup():104] multiprocessing start_methods=spawn, using: spawn
2026-03-27 11:21:42,164 INFO    MainThread:18620 [wandb_init.py:init():686] backend started and connected
2026-03-27 11:21:42,177 INFO    MainThread:18620 [wandb_run.py:_label_probe_notebook():1339] probe notebook
2026-03-27 11:21:42,177 INFO    MainThread:18620 [wandb_init.py:init():781] updated telemetry
2026-03-27 11:21:42,177 INFO    MainThread:18620 [wandb_init.py:init():814] communicating run to backend with 300.0 second timeout
2026-03-27 11:21:43,388 INFO    MainThread:18620 [wandb_init.py:init():867] starting run threads in backend
2026-03-27 11:21:43,514 INFO    MainThread:18620 [wandb_run.py:_console_start():2456] atexit reg
2026-03-27 11:21:43,514 INFO    MainThread:18620 [wandb_run.py:_redirect():2305] redirect: wrap_raw
2026-03-27 11:21:43,514 INFO    MainThread:18620 [wandb_run.py:_redirect():2370] Wrapping output streams.
2026-03-27 11:21:43,515 INFO    MainThread:18620 [wandb_run.py:_redirect():2395] Redirects installed.
2026-03-27 11:21:43,517 INFO    MainThread:18620 [wandb_init.py:init():911] run started, returning control to user process
2026-03-27 11:21:43,517 INFO    MainThread:18620 [wandb_watch.py:_watch():71] Watching
2026-03-27 11:25:22,889 INFO    MainThread:18620 [wandb_run.py:_finish():2155] finishing run MSE_DeLearn_SPR26/MPW-CNN/txu2wm25
2026-03-27 11:25:22,889 INFO    MainThread:18620 [jupyter.py:save_history():459] not saving jupyter history
2026-03-27 11:25:22,889 INFO    MainThread:18620 [jupyter.py:save_ipynb():387] not saving jupyter notebook
2026-03-27 11:25:22,889 INFO    MainThread:18620 [wandb_init.py:_jupyter_teardown():461] cleaning up jupyter logic
2026-03-27 11:25:22,889 INFO    MainThread:18620 [wandb_run.py:_atexit_cleanup():2420] got exitcode: 0
2026-03-27 11:25:22,890 INFO    MainThread:18620 [wandb_run.py:_restore():2402] restore
2026-03-27 11:25:22,890 INFO    MainThread:18620 [wandb_run.py:_restore():2408] restore done
2026-03-27 11:25:25,620 INFO    MainThread:18620 [wandb_run.py:_footer_history_summary_info():3960] rendering history
2026-03-27 11:25:25,620 INFO    MainThread:18620 [wandb_run.py:_footer_history_summary_info():3992] rendering summary
2026-03-27 11:25:25,627 INFO    MainThread:18620 [wandb_run.py:_footer_sync_info():3921] logging synced files
