{"time":"2026-03-27T11:21:42.167045+01:00","level":"INFO","msg":"using version","core version":"0.18.7"}
{"time":"2026-03-27T11:21:42.167045+01:00","level":"INFO","msg":"created symlink","path":"c:\\Users\\lucas\\Documents\\MSE\\4_Semester\\deep-learning-mpw\\01_MPW-CNN\\notebooks\\wandb\\run-20260327_112142-txu2wm25\\logs\\debug-core.log"}
{"time":"2026-03-27T11:21:42.9649185+01:00","level":"INFO","msg":"created new stream","id":"txu2wm25"}
{"time":"2026-03-27T11:21:42.9654212+01:00","level":"INFO","msg":"stream: started","id":"txu2wm25"}
{"time":"2026-03-27T11:21:42.9654212+01:00","level":"INFO","msg":"handler: started","stream_id":"txu2wm25"}
{"time":"2026-03-27T11:21:42.9654212+01:00","level":"INFO","msg":"writer: Do: started","stream_id":"txu2wm25"}
{"time":"2026-03-27T11:21:42.9654212+01:00","level":"INFO","msg":"sender: started","stream_id":"txu2wm25"}
{"time":"2026-03-27T11:21:43.3945246+01:00","level":"INFO","msg":"Starting system monitor"}
{"time":"2026-03-27T11:25:22.8908195+01:00","level":"INFO","msg":"Stopping system monitor"}
{"time":"2026-03-27T11:25:22.8913204+01:00","level":"INFO","msg":"Stopped system monitor"}
{"time":"2026-03-27T11:25:23.4701051+01:00","level":"WARN","msg":"No job ingredients found, not creating job artifact"}
{"time":"2026-03-27T11:25:23.4701051+01:00","level":"WARN","msg":"No source type found, not creating job artifact"}
{"time":"2026-03-27T11:25:23.4701051+01:00","level":"INFO","msg":"sender: sendDefer: no job artifact to save"}
{"time":"2026-03-27T11:25:23.9005204+01:00","level":"INFO","msg":"handler: operation stats","stats":{"operations":[{"desc":"uploading config.yaml","runtime_seconds":0.1238945,"progress":"747B/747B"},{"desc":"uploading output.log","runtime_seconds":0.1238945,"progress":"480B/480B"}],"total_operations":2}}
{"time":"2026-03-27T11:25:24.1110369+01:00","level":"INFO","msg":"fileTransfer: Close: file transfer manager closed"}
{"time":"2026-03-27T11:25:25.6287379+01:00","level":"INFO","msg":"stream: closing","id":"txu2wm25"}
{"time":"2026-03-27T11:25:25.6287379+01:00","level":"INFO","msg":"handler: closed","stream_id":"txu2wm25"}
{"time":"2026-03-27T11:25:25.6287379+01:00","level":"INFO","msg":"writer: Close: closed","stream_id":"txu2wm25"}
{"time":"2026-03-27T11:25:25.6287379+01:00","level":"INFO","msg":"sender: closed","stream_id":"txu2wm25"}
{"time":"2026-03-27T11:25:25.6287379+01:00","level":"INFO","msg":"stream: closed","id":"txu2wm25"}
