2026-04-01 18:30:56,333 INFO    MainThread:32508 [wandb_setup.py:_flush():81] Current SDK version is 0.25.0
2026-04-01 18:30:56,333 INFO    MainThread:32508 [wandb_setup.py:_flush():81] Configure stats pid to 32508
2026-04-01 18:30:56,333 INFO    MainThread:32508 [wandb_setup.py:_flush():81] Loading settings from environment variables
2026-04-01 18:30:56,333 INFO    MainThread:32508 [wandb_init.py:setup_run_log_directory():717] Logging user logs to c:\Users\lucas\Documents\MSE\4_Semester\deep-learning-mpw\01_MPW-CNN\notebooks\wandb\run-20260401_183056-mhb516d9\logs\debug.log
2026-04-01 18:30:56,333 INFO    MainThread:32508 [wandb_init.py:setup_run_log_directory():718] Logging internal logs to c:\Users\lucas\Documents\MSE\4_Semester\deep-learning-mpw\01_MPW-CNN\notebooks\wandb\run-20260401_183056-mhb516d9\logs\debug-internal.log
2026-04-01 18:30:56,335 INFO    MainThread:32508 [wandb_init.py:monkeypatch_ipython():636] configuring jupyter hooks <wandb.sdk.wandb_init._WandbInit object at 0x000001D87583CCD0>
2026-04-01 18:30:56,335 INFO    MainThread:32508 [wandb_init.py:init():844] calling init triggers
2026-04-01 18:30:56,335 INFO    MainThread:32508 [wandb_init.py:init():849] wandb.init called with sweep_config: {}
config: {'epochs': 30, 'batch_size': 64, 'optimizer': 'SGD', 'loss': 'CrossEntropyLoss', 'device': 'cuda', 'model': 'first_model', '_wandb': {}}
2026-04-01 18:30:56,336 INFO    MainThread:32508 [wandb_init.py:init():892] starting backend
2026-04-01 18:31:00,854 INFO    MainThread:32508 [wandb_init.py:init():895] sending inform_init request
2026-04-01 18:31:00,868 INFO    MainThread:32508 [wandb_init.py:init():903] backend started and connected
2026-04-01 18:31:00,894 INFO    MainThread:32508 [wandb_run.py:_label_probe_notebook():1333] probe notebook
2026-04-01 18:31:00,895 INFO    MainThread:32508 [wandb_init.py:init():973] updated telemetry
2026-04-01 18:31:00,946 INFO    MainThread:32508 [wandb_init.py:init():997] communicating run to backend with 300.0 second timeout
2026-04-01 18:31:02,537 INFO    MainThread:32508 [wandb_init.py:init():1042] starting run threads in backend
2026-04-01 18:31:02,653 INFO    MainThread:32508 [wandb_run.py:_console_start():2524] atexit reg
2026-04-01 18:31:02,653 INFO    MainThread:32508 [wandb_run.py:_redirect():2373] redirect: wrap_raw
2026-04-01 18:31:02,654 INFO    MainThread:32508 [wandb_run.py:_redirect():2442] Wrapping output streams.
2026-04-01 18:31:02,654 INFO    MainThread:32508 [wandb_run.py:_redirect():2465] Redirects installed.
2026-04-01 18:31:02,657 INFO    MainThread:32508 [wandb_init.py:init():1082] run started, returning control to user process
2026-04-01 18:31:02,657 INFO    MainThread:32508 [wandb_watch.py:_watch():69] Watching
2026-04-01 18:34:03,171 INFO    MainThread:32508 [wandb_init.py:_post_run_cell_hook():606] [no run ID] resuming backend
2026-04-01 18:34:03,175 INFO    MainThread:32508 [jupyter.py:save_ipynb():362] [no run ID] not saving jupyter notebook
2026-04-01 18:34:03,175 INFO    MainThread:32508 [wandb_init.py:_pre_run_cell_hook():595] [no run ID] pausing backend
2026-04-01 18:34:03,181 INFO    MainThread:32508 [wandb_init.py:_post_run_cell_hook():606] [no run ID] resuming backend
2026-04-01 18:34:32,801 INFO    MainThread:32508 [jupyter.py:save_ipynb():362] [no run ID] not saving jupyter notebook
2026-04-01 18:34:32,801 INFO    MainThread:32508 [wandb_init.py:_pre_run_cell_hook():595] [no run ID] pausing backend
2026-04-01 18:34:33,696 INFO    MainThread:32508 [wandb_run.py:_finish():2291] finishing run MSE_DeLearn_SPR26/MPW-CNN/mhb516d9
2026-04-01 18:34:34,523 INFO    MainThread:32508 [jupyter.py:save_history():435] not saving jupyter history
2026-04-01 18:34:34,523 INFO    MainThread:32508 [jupyter.py:save_ipynb():362] not saving jupyter notebook
2026-04-01 18:34:34,524 INFO    MainThread:32508 [wandb_init.py:_jupyter_teardown():621] cleaning up jupyter logic
2026-04-01 18:34:34,524 INFO    MainThread:32508 [wandb_run.py:_atexit_cleanup():2490] got exitcode: 0
2026-04-01 18:34:34,524 INFO    MainThread:32508 [wandb_run.py:_restore():2472] restore
2026-04-01 18:34:34,524 INFO    MainThread:32508 [wandb_run.py:_restore():2478] restore done
