2026-04-01 18:25:26,695 INFO    MainThread:13188 [wandb_setup.py:_flush():79] Current SDK version is 0.18.7
2026-04-01 18:25:26,695 INFO    MainThread:13188 [wandb_setup.py:_flush():79] Configure stats pid to 13188
2026-04-01 18:25:26,695 INFO    MainThread:13188 [wandb_setup.py:_flush():79] Loading settings from C:\Users\lucas\.config\wandb\settings
2026-04-01 18:25:26,695 INFO    MainThread:13188 [wandb_setup.py:_flush():79] Loading settings from c:\Users\lucas\Documents\MSE\4_Semester\deep-learning-mpw\01_MPW-CNN\notebooks\wandb\settings
2026-04-01 18:25:26,695 INFO    MainThread:13188 [wandb_setup.py:_flush():79] Loading settings from environment variables: {}
2026-04-01 18:25:26,695 INFO    MainThread:13188 [wandb_setup.py:_flush():79] Applying setup settings: {'mode': 'online', '_disable_service': None}
2026-04-01 18:25:26,696 INFO    MainThread:13188 [wandb_setup.py:_flush():79] Inferring run settings from compute environment: {'program': '<python with no main file>'}
2026-04-01 18:25:26,696 INFO    MainThread:13188 [wandb_setup.py:_flush():79] Applying login settings: {}
2026-04-01 18:25:26,696 INFO    MainThread:13188 [wandb_init.py:_log_setup():533] Logging user logs to c:\Users\lucas\Documents\MSE\4_Semester\deep-learning-mpw\01_MPW-CNN\notebooks\wandb\run-20260401_182526-mutb67k6\logs\debug.log
2026-04-01 18:25:26,696 INFO    MainThread:13188 [wandb_init.py:_log_setup():534] Logging internal logs to c:\Users\lucas\Documents\MSE\4_Semester\deep-learning-mpw\01_MPW-CNN\notebooks\wandb\run-20260401_182526-mutb67k6\logs\debug-internal.log
2026-04-01 18:25:26,697 INFO    MainThread:13188 [wandb_init.py:_jupyter_setup():479] configuring jupyter hooks <wandb.sdk.wandb_init._WandbInit object at 0x000001B3FF532050>
2026-04-01 18:25:26,697 INFO    MainThread:13188 [wandb_init.py:init():619] calling init triggers
2026-04-01 18:25:26,697 INFO    MainThread:13188 [wandb_init.py:init():626] wandb.init called with sweep_config: {}
config: {'epochs': 30, 'batch_size': 64, 'optimizer': 'SGD', 'loss': 'CrossEntropyLoss', 'device': 'cuda', 'model': 'first_model'}
2026-04-01 18:25:26,697 INFO    MainThread:13188 [wandb_init.py:init():669] starting backend
2026-04-01 18:25:26,697 INFO    MainThread:13188 [wandb_init.py:init():673] sending inform_init request
2026-04-01 18:25:26,702 INFO    MainThread:13188 [backend.py:_multiprocessing_setup():104] multiprocessing start_methods=spawn, using: spawn
2026-04-01 18:25:26,702 INFO    MainThread:13188 [wandb_init.py:init():686] backend started and connected
2026-04-01 18:25:26,716 INFO    MainThread:13188 [wandb_run.py:_label_probe_notebook():1339] probe notebook
2026-04-01 18:25:26,716 INFO    MainThread:13188 [wandb_init.py:init():781] updated telemetry
2026-04-01 18:25:26,716 INFO    MainThread:13188 [wandb_init.py:init():814] communicating run to backend with 300.0 second timeout
2026-04-01 18:25:27,680 INFO    MainThread:13188 [wandb_init.py:init():867] starting run threads in backend
2026-04-01 18:25:27,805 INFO    MainThread:13188 [wandb_run.py:_console_start():2456] atexit reg
2026-04-01 18:25:27,805 INFO    MainThread:13188 [wandb_run.py:_redirect():2305] redirect: wrap_raw
2026-04-01 18:25:27,805 INFO    MainThread:13188 [wandb_run.py:_redirect():2370] Wrapping output streams.
2026-04-01 18:25:27,805 INFO    MainThread:13188 [wandb_run.py:_redirect():2395] Redirects installed.
2026-04-01 18:25:27,808 INFO    MainThread:13188 [wandb_init.py:init():911] run started, returning control to user process
2026-04-01 18:25:27,808 INFO    MainThread:13188 [wandb_watch.py:_watch():71] Watching
2026-04-01 18:25:31,195 INFO    MainThread:13188 [jupyter.py:save_ipynb():387] not saving jupyter notebook
2026-04-01 18:25:31,196 INFO    MainThread:13188 [wandb_init.py:_pause_backend():444] pausing backend
