{"time":"2026-03-27T11:36:33.4908928+01:00","level":"INFO","msg":"using version","core version":"0.18.7"}
{"time":"2026-03-27T11:36:33.4908928+01:00","level":"INFO","msg":"created symlink","path":"c:\\Users\\lucas\\Documents\\MSE\\4_Semester\\deep-learning-mpw\\01_MPW-CNN\\notebooks\\wandb\\run-20260327_113633-gzvn0j1a\\logs\\debug-core.log"}
{"time":"2026-03-27T11:36:33.6004348+01:00","level":"INFO","msg":"created new stream","id":"gzvn0j1a"}
{"time":"2026-03-27T11:36:33.6004348+01:00","level":"INFO","msg":"stream: started","id":"gzvn0j1a"}
{"time":"2026-03-27T11:36:33.6004348+01:00","level":"INFO","msg":"writer: Do: started","stream_id":"gzvn0j1a"}
{"time":"2026-03-27T11:36:33.6004348+01:00","level":"INFO","msg":"sender: started","stream_id":"gzvn0j1a"}
{"time":"2026-03-27T11:36:33.6004348+01:00","level":"INFO","msg":"handler: started","stream_id":"gzvn0j1a"}
{"time":"2026-03-27T11:36:34.0699849+01:00","level":"INFO","msg":"Starting system monitor"}
{"time":"2026-03-27T11:39:48.8667781+01:00","level":"INFO","msg":"Stopping system monitor"}
{"time":"2026-03-27T11:39:48.8667781+01:00","level":"INFO","msg":"Stopped system monitor"}
{"time":"2026-03-27T11:39:49.5826774+01:00","level":"WARN","msg":"No job ingredients found, not creating job artifact"}
{"time":"2026-03-27T11:39:49.5826774+01:00","level":"WARN","msg":"No source type found, not creating job artifact"}
{"time":"2026-03-27T11:39:49.5826774+01:00","level":"INFO","msg":"sender: sendDefer: no job artifact to save"}
{"time":"2026-03-27T11:39:49.8806153+01:00","level":"INFO","msg":"handler: operation stats","stats":{"operations":[{"desc":"uploading history, summary, console logs","runtime_seconds":0.1683494},{"desc":"uploading config.yaml","runtime_seconds":0.073663,"progress":"747B/747B"},{"desc":"uploading output.log","runtime_seconds":0.073663,"progress":"480B/480B"}],"total_operations":3}}
{"time":"2026-03-27T11:39:50.1374432+01:00","level":"INFO","msg":"fileTransfer: Close: file transfer manager closed"}
{"time":"2026-03-27T11:39:51.549302+01:00","level":"INFO","msg":"stream: closing","id":"gzvn0j1a"}
{"time":"2026-03-27T11:39:51.549302+01:00","level":"INFO","msg":"handler: closed","stream_id":"gzvn0j1a"}
{"time":"2026-03-27T11:39:51.549302+01:00","level":"INFO","msg":"writer: Close: closed","stream_id":"gzvn0j1a"}
{"time":"2026-03-27T11:39:51.549302+01:00","level":"INFO","msg":"sender: closed","stream_id":"gzvn0j1a"}
{"time":"2026-03-27T11:39:51.549302+01:00","level":"INFO","msg":"stream: closed","id":"gzvn0j1a"}
